// Jest Snapshot v1, https://goo.gl/fbAQLP

exports[`Entries UI render features view should render as expected 1`] = `
<div
  className="entriesContent"
>
  <Main>
    <Connect(EntriesList) />
  </Main>
</div>
`;
