// Jest Snapshot v1, https://goo.gl/fbAQLP

exports[`Notifications UI render features view should render as expected 1`] = `
<div>
  <Main>
    This is the Notifications view
  </Main>
</div>
`;
