// Jest Snapshot v1, https://goo.gl/fbAQLP

exports[`Main UI render features view should render as expected 1`] = `
<div>
  <Header />
</div>
`;
