// Jest Snapshot v1, https://goo.gl/fbAQLP

exports[`Button UI render features view should render as expected 1`] = `<button />`;
