// Jest Snapshot v1, https://goo.gl/fbAQLP

exports[`DeleteEntryModal UI render features view should render as expected 1`] = `
<section
  className="authContent deleteModal null"
>
  <div
    className="title"
  >
    Do you want to delete this entry?
  </div>
  <hr />
  <div
    className="clearfix"
  >
    <button
      id="deleteButton"
    >
      Yes
    </button>
    <button
      id="cancelButton"
    >
      No
    </button>
  </div>
</section>
`;
