// Jest Snapshot v1, https://goo.gl/fbAQLP

exports[`Profile Modal UI render features container should render as expected 1`] = `
<_default>
  <Provider
    store={
      Object {
        "dispatch": [Function],
        "getState": [Function],
        "replaceReducer": [Function],
        "subscribe": [Function],
        Symbol(observable): [Function],
      }
    }
  >
    <MemoryRouter
      initialEntries={
        Array [
          Object {
            "key": "testKey",
          },
        ]
      }
    >
      <Router
        history={
          Object {
            "action": "POP",
            "block": [Function],
            "canGo": [Function],
            "createHref": [Function],
            "entries": Array [
              Object {
                "hash": "",
                "key": "testKey",
                "pathname": "/",
                "search": "",
              },
            ],
            "go": [Function],
            "goBack": [Function],
            "goForward": [Function],
            "index": 0,
            "length": 1,
            "listen": [Function],
            "location": Object {
              "hash": "",
              "key": "testKey",
              "pathname": "/",
              "search": "",
            },
            "push": [Function],
            "replace": [Function],
          }
        }
      >
        <Connect(ProfileModal)>
          <ProfileModal
            getUserProfile={[Function]}
          >
            <main>
              <div>
                Loading...
              </div>
            </main>
          </ProfileModal>
        </Connect(ProfileModal)>
      </Router>
    </MemoryRouter>
  </Provider>
</_default>
`;
